// Jest Snapshot v1, https://goo.gl/fbAQLP

exports[`Merchants reducer initialize 1`] = `Array []`;
